[debug] [2026-09-28T07:15:30.895Z] ----------------------------------------------------------------------
[debug] [2026-09-28T07:15:30.897Z] Command:       /opt/homebrew/Cellar/node@22/22.23.3/bin/node /opt/homebrew/bin/firebase deploy --only hosting --debug
[debug] [2026-09-28T07:15:30.897Z] CLI Version:   15.31.0
[debug] [2026-09-28T07:15:30.897Z] Platform:      darwin
[debug] [2026-09-28T07:15:30.897Z] Node Version:  v22.23.3
[debug] [2026-09-28T07:15:30.897Z] Detected Agent: unknown
[debug] [2026-09-28T07:15:30.897Z] Time:          Mon Sep 28 2026 12:45:30 GMT+0530 (India Standard Time)
[debug] [2026-09-28T07:15:30.897Z] ----------------------------------------------------------------------
[debug] 
[debug] [2026-09-28T07:15:31.452Z] > command requires scopes: ["email","openid","https://www.googleapis.com/auth/cloudplatformprojects.readonly","https://www.googleapis.com/auth/firebase","https://www.googleapis.com/auth/cloud-platform"]
[debug] [2026-09-28T07:15:31.453Z] > authorizing via signed-in user (imagesqueofficial@gmail.com)
[debug] [2026-09-28T07:15:31.453Z] [iam] checking project staycove-56c02 for permissions ["firebase.projects.get","firebasehosting.sites.update"]
[debug] [2026-09-28T07:15:31.460Z] Checked if tokens are valid: true, expires at: 1790582152277
[debug] [2026-09-28T07:15:31.460Z] Checked if tokens are valid: true, expires at: 1790582152277
[debug] [2026-09-28T07:15:31.460Z] >>> [apiv2][query] POST https://cloudresourcemanager.googleapis.com/v1/projects/staycove-56c02:testIamPermissions [none]
[debug] [2026-09-28T07:15:31.460Z] >>> [apiv2][(partial)header] POST https://cloudresourcemanager.googleapis.com/v1/projects/staycove-56c02:testIamPermissions  x-goog-user-project=staycove-56c02
[debug] [2026-09-28T07:15:31.460Z] >>> [apiv2][body] POST https://cloudresourcemanager.googleapis.com/v1/projects/staycove-56c02:testIamPermissions {"permissions":["firebase.projects.get","firebasehosting.sites.update"]}
[debug] [2026-09-28T07:15:33.030Z] <<< [apiv2][status] POST https://cloudresourcemanager.googleapis.com/v1/projects/staycove-56c02:testIamPermissions 200
[debug] [2026-09-28T07:15:33.031Z] <<< [apiv2][body] POST https://cloudresourcemanager.googleapis.com/v1/projects/staycove-56c02:testIamPermissions {"permissions":["firebase.projects.get","firebasehosting.sites.update"]}
[debug] [2026-09-28T07:15:33.032Z] Checked if tokens are valid: true, expires at: 1790582152277
[debug] [2026-09-28T07:15:33.032Z] Checked if tokens are valid: true, expires at: 1790582152277
[debug] [2026-09-28T07:15:33.032Z] >>> [apiv2][query] GET https://firebase.googleapis.com/v1beta1/projects/staycove-56c02 [none]
[debug] [2026-09-28T07:15:33.846Z] <<< [apiv2][status] GET https://firebase.googleapis.com/v1beta1/projects/staycove-56c02 200
[debug] [2026-09-28T07:15:33.847Z] <<< [apiv2][body] GET https://firebase.googleapis.com/v1beta1/projects/staycove-56c02 {"projectId":"staycove-56c02","projectNumber":"887718886230","displayName":"StayCove","name":"projects/staycove-56c02","resources":{"hostingSite":"staycove-56c02"},"state":"ACTIVE","labels":{"firebase":"enabled"},"etag":"1_352cf5c5-b312-4569-9e53-78c8311fdbc5"}
[info] 
   Thank you for trying our early preview of Next.js support on Firebase Hosting.
   During the preview, support is best-effort and breaking changes can be expected. Proceed with caution.

   Documentation: https://firebase.google.com/docs/hosting/frameworks/nextjs
   File a bug: https://github.com/firebase/firebase-tools/issues/new?template=bug_report.md
   Submit a feature request: https://github.com/firebase/firebase-tools/issues/new?template=feature_request.md

   We'd love to learn from you. Express your interest in helping us shape the future of Firebase Hosting: https://goo.gle/41enW5X

[debug] [2026-09-28T07:15:35.386Z] Checked if tokens are valid: true, expires at: 1790582152277
[debug] [2026-09-28T07:15:35.386Z] Checked if tokens are valid: true, expires at: 1790582152277
[debug] [2026-09-28T07:15:35.386Z] >>> [apiv2][query] GET https://firebasehosting.googleapis.com/v1beta1/projects/staycove-56c02/sites/staycove-56c02 [none]
[debug] [2026-09-28T07:15:36.926Z] <<< [apiv2][status] GET https://firebasehosting.googleapis.com/v1beta1/projects/staycove-56c02/sites/staycove-56c02 200
[debug] [2026-09-28T07:15:36.926Z] <<< [apiv2][body] GET https://firebasehosting.googleapis.com/v1beta1/projects/staycove-56c02/sites/staycove-56c02 {"name":"projects/staycove-56c02/sites/staycove-56c02","defaultUrl":"https://staycove-56c02.web.app","type":"DEFAULT_SITE"}
[info]    ▲ Next.js 15.5.25

[info]    - Environments: .env.local
   - Experiments (use with caution):
     · optimizePackageImports


[info]    Creating an optimized production build ...

[info]  ✓ Compiled successfully in 930ms

[info]    Linting and checking validity of types ...

[info]    Collecting page data ...

[info]    Generating static pages (0/470) ...

[info]    Generating static pages (117/470) 

[info]    Generating static pages (234/470) 

[info]    Generating static pages (352/470) 

[info]  ✓ Generating static pages (470/470)

[info]    Finalizing page optimization ...

[info]    Collecting build traces ...

[info] 

[info] Route (app)                                                           Size  First Load JS
┌ ○ /                                                              60.7 kB         186 kB
├ ○ /_not-found                                                      998 B         104 kB
├ ○ /about                                                           187 B         111 kB
├ ○ /admin                                                           165 B         106 kB
├ ○ /admin/agent-tools                                               187 B         111 kB
├ ○ /admin/agents                                                    145 B         103 kB
├ ○ /admin/destinations                                              187 B         111 kB
├ ○ /admin/leads                                                     145 B         103 kB
├ ○ /admin/properties                                                187 B         111 kB
├ ƒ /admin/properties/[id]/edit                                      181 B         146 kB
├ ○ /admin/properties/new                                            167 B         143 kB
├ ○ /agent-program                                                 1.98 kB         141 kB
├ ƒ /api/admin/properties                                            145 B         103 kB
├ ƒ /api/agent-leads                                                 145 B         103 kB
├ ƒ /api/leads                                                       145 B         103 kB
├ ƒ /api/owner-leads                                                 145 B         103 kB
├ ƒ /api/properties/[slug]/ics                                       145 B         103 kB
├ ○ /contact                                                        1.8 kB         136 kB
├ ○ /destinations                                                    187 B         111 kB
├ ● /destinations/[slug]                                             187 B         111 kB
├   ├ /destinations/udaipur
├   ├ /destinations/goa
├   ├ /destinations/jaipur
├   └ [+32 more paths]
├ ○ /experiences                                                     187 B         111 kB
├ ● /experiences/[slug]                                            1.72 kB         144 kB
├   ├ /experiences/weddings
├   ├ /experiences/corporate-retreats
├   ├ /experiences/private-celebrations
├   └ [+5 more paths]
├ ○ /owner-partnership                                             2.04 kB         141 kB
├ ● /properties/[slug]                                             2.93 kB         145 kB
├   ├ /properties/mandovar-mountain-valley-retreat-udaipur-eli001
├   ├ /properties/godan-terra-nook-udaipur-eli002
├   ├ /properties/miran-by-the-lake-udaipur-eli003
├   └ [+401 more paths]
├ ƒ /properties/[slug]/brochure                                      684 B         108 kB
├ ○ /robots.txt                                                      145 B         103 kB
└ ○ /sitemap.xml                                                     145 B         103 kB
+ First Load JS shared by all                                       103 kB
  ├ chunks/255-37e0f0325134c4d7.js                                 46.4 kB
  ├ chunks/4bd1b696-c023c6e3521b1417.js                            54.2 kB
  └ other shared chunks (total)                                    1.92 kB


[info] 
○  (Static)   prerendered as static content
●  (SSG)      prerendered as static HTML (uses generateStaticParams)
ƒ  (Dynamic)  server-rendered on demand


[info] Building a Cloud Function to run this application. This is needed due to:
[info]  • Image Optimization
[info]  • use of fallback /experiences/[slug]
[info]  • use of fallback /destinations/[slug]
[info]  • use of fallback /properties/[slug]
[info]  • non-static component /api/agent-leads/route
[debug] [2026-09-28T07:15:45.756Z]  • non-static component /api/leads/route
[debug] [2026-09-28T07:15:45.756Z]  • non-static component /api/admin/properties/route
[debug] [2026-09-28T07:15:45.756Z]  • non-static component /api/owner-leads/route
[debug] [2026-09-28T07:15:45.756Z]  • non-static component /api/properties/[slug]/ics/route
[debug] [2026-09-28T07:15:45.756Z]  • non-static component /(main)/properties/[slug]/brochure/page
[debug] [2026-09-28T07:15:45.756Z]  • non-static component /admin/properties/[id]/edit/page
[info] 
[debug] [2026-09-28T07:15:46.686Z] Checked if tokens are valid: true, expires at: 1790582152277
[debug] [2026-09-28T07:15:46.686Z] Checked if tokens are valid: true, expires at: 1790582152277
[debug] [2026-09-28T07:15:46.687Z] >>> [apiv2][query] GET https://firebasehosting.googleapis.com/v1beta1/projects/staycove-56c02/sites/staycove-56c02 [none]
[debug] [2026-09-28T07:15:47.936Z] <<< [apiv2][status] GET https://firebasehosting.googleapis.com/v1beta1/projects/staycove-56c02/sites/staycove-56c02 200
[debug] [2026-09-28T07:15:47.937Z] <<< [apiv2][body] GET https://firebasehosting.googleapis.com/v1beta1/projects/staycove-56c02/sites/staycove-56c02 {"name":"projects/staycove-56c02/sites/staycove-56c02","defaultUrl":"https://staycove-56c02.web.app","type":"DEFAULT_SITE"}
[debug] [2026-09-28T07:15:49.282Z] [web frameworks] effective firebase.json:  {
  "hosting": [
    {
      "source": ".",
      "ignore": [
        "firebase.json",
        "**/.*",
        "**/node_modules/**"
      ],
      "frameworksBackend": {
        "region": "asia-south1"
      },
      "site": "staycove-56c02",
      "rewrites": [
        {
          "source": "**",
          "function": {
            "functionId": "ssrstaycove56c02",
            "region": "asia-south1",
            "pinTag": true
          }
        }
      ],
      "redirects": [],
      "headers": [
        {
          "source": "/_not-found",
          "headers": [
            {
              "key": "x-nextjs-stale-time",
              "value": "300"
            },
            {
              "key": "x-nextjs-prerender",
              "value": "1"
            },
            {
              "key": "x-next-cache-tags",
              "value": "_N_T_/layout,_N_T_/_not-found/layout,_N_T_/_not-found/page,_N_T_/_not-found"
            }
          ]
        },
        {
          "source": "/robots.txt",
          "headers": [
            {
              "key": "cache-control",
              "value": "public, max-age=0, must-revalidate"
            },
            {
              "key": "content-type",
              "value": "text/plain"
            },
            {
              "key": "x-next-cache-tags",
              "value": "_N_T_/layout,_N_T_/robots.txt/layout,_N_T_/robots.txt/route,_N_T_/robots.txt"
            }
          ]
        },
        {
          "source": "/admin/destinations",
          "headers": [
            {
              "key": "x-nextjs-stale-time",
              "value": "300"
            },
            {
              "key": "x-nextjs-prerender",
              "value": "1"
            },
            {
              "key": "x-next-cache-tags",
              "value": "_N_T_/layout,_N_T_/admin/layout,_N_T_/admin/destinations/layout,_N_T_/admin/destinations/page,_N_T_/admin/destinations"
            }
          ]
        },
        {
          "source": "/sitemap.xml",
          "headers": [
            {
              "key": "cache-control",
              "value": "public, max-age=0, must-revalidate"
            },
            {
              "key": "content-type",
              "value": "application/xml"
            },
            {
              "key": "x-next-cache-tags",
              "value": "_N_T_/layout,_N_T_/sitemap.xml/layout,_N_T_/sitemap.xml/route,_N_T_/sitemap.xml"
            }
          ]
        },
        {
          "source": "/admin/agents",
          "headers": [
            {
              "key": "x-nextjs-stale-time",
              "value": "300"
            },
            {
              "key": "x-nextjs-prerender",
              "value": "1"
            },
            {
              "key": "x-next-cache-tags",
              "value": "_N_T_/layout,_N_T_/admin/layout,_N_T_/admin/agents/layout,_N_T_/admin/agents/page,_N_T_/admin/agents"
            }
          ]
        },
        {
          "source": "/admin/leads",
          "headers": [
            {
              "key": "x-nextjs-stale-time",
              "value": "300"
            },
            {
              "key": "x-nextjs-prerender",
              "value": "1"
            },
            {
              "key": "x-next-cache-tags",
              "value": "_N_T_/layout,_N_T_/admin/layout,_N_T_/admin/leads/layout,_N_T_/admin/leads/page,_N_T_/admin/leads"
            }
          ]
        },
        {
          "source": "/admin/properties/new",
          "headers": [
            {
              "key": "x-nextjs-stale-time",
              "value": "300"
            },
            {
              "key": "x-nextjs-prerender",
              "value": "1"
            },
            {
              "key": "x-next-cache-tags",
              "value": "_N_T_/layout,_N_T_/admin/layout,_N_T_/admin/properties/layout,_N_T_/admin/properties/new/layout,_N_T_/admin/properties/new/page,_N_T_/admin/properties/new"
            }
          ]
        },
        {
          "source": "/admin/properties",
          "headers": [
            {
              "key": "x-nextjs-stale-time",
              "value": "300"
            },
            {
              "key": "x-nextjs-prerender",
              "value": "1"
            },
            {
              "key": "x-next-cache-tags",
              "value": "_N_T_/layout,_N_T_/admin/layout,_N_T_/admin/properties/layout,_N_T_/admin/properties/page,_N_T_/admin/properties"
            }
          ]
        },
        {
          "source": "/admin/agent-tools",
          "headers": [
            {
              "key": "x-nextjs-stale-time",
              "value": "300"
            },
            {
              "key": "x-nextjs-prerender",
              "value": "1"
            },
            {
              "key": "x-next-cache-tags",
              "value": "_N_T_/layout,_N_T_/admin/layout,_N_T_/admin/agent-tools/layout,_N_T_/admin/agent-tools/page,_N_T_/admin/agent-tools"
            }
          ]
        },
        {
          "source": "/destinations",
          "headers": [
            {
              "key": "x-nextjs-stale-time",
              "value": "300"
            },
            {
              "key": "x-nextjs-prerender",
              "value": "1"
            },
            {
              "key": "x-next-cache-tags",
              "value": "_N_T_/layout,_N_T_/(main)/layout,_N_T_/(main)/destinations/layout,_N_T_/(main)/destinations/page,_N_T_/destinations"
            }
          ]
        },
        {
          "source": "/experiences",
          "headers": [
            {
              "key": "x-nextjs-stale-time",
              "value": "300"
            },
            {
              "key": "x-nextjs-prerender",
              "value": "1"
            },
            {
              "key": "x-next-cache-tags",
              "value": "_N_T_/layout,_N_T_/(main)/layout,_N_T_/(main)/experiences/layout,_N_T_/(main)/experiences/page,_N_T_/experiences"
            }
          ]
        },
        {
          "source": "/admin",
          "headers": [
            {
              "key": "x-nextjs-stale-time",
              "value": "300"
            },
            {
              "key": "x-nextjs-prerender",
              "value": "1"
            },
            {
              "key": "x-next-cache-tags",
              "value": "_N_T_/layout,_N_T_/admin/layout,_N_T_/admin/page,_N_T_/admin"
            }
          ]
        }
      ],
      "cleanUrls": true,
      "trailingSlash": false,
      "public": ".firebase/staycove-56c02/hosting",
      "webFramework": "next_ssr"
    }
  ],
  "functions": [
    {
      "source": ".firebase/staycove-56c02/functions",
      "codebase": "firebase-frameworks-staycove-56c02"
    }
  ]
}
[debug] [2026-09-28T07:15:49.282Z] > command requires scopes: ["email","openid","https://www.googleapis.com/auth/cloudplatformprojects.readonly","https://www.googleapis.com/auth/firebase","https://www.googleapis.com/auth/cloud-platform"]
[debug] [2026-09-28T07:15:49.282Z] > authorizing via signed-in user (imagesqueofficial@gmail.com)
[debug] [2026-09-28T07:15:49.282Z] [iam] checking project staycove-56c02 for permissions ["cloudfunctions.functions.create","cloudfunctions.functions.delete","cloudfunctions.functions.get","cloudfunctions.functions.list","cloudfunctions.functions.update","cloudfunctions.operations.get","firebase.projects.get"]
[debug] [2026-09-28T07:15:49.282Z] Checked if tokens are valid: true, expires at: 1790582152277
[debug] [2026-09-28T07:15:49.282Z] Checked if tokens are valid: true, expires at: 1790582152277
[debug] [2026-09-28T07:15:49.282Z] >>> [apiv2][query] POST https://cloudresourcemanager.googleapis.com/v1/projects/staycove-56c02:testIamPermissions [none]
[debug] [2026-09-28T07:15:49.282Z] >>> [apiv2][(partial)header] POST https://cloudresourcemanager.googleapis.com/v1/projects/staycove-56c02:testIamPermissions  x-goog-user-project=staycove-56c02
[debug] [2026-09-28T07:15:49.282Z] >>> [apiv2][body] POST https://cloudresourcemanager.googleapis.com/v1/projects/staycove-56c02:testIamPermissions {"permissions":["cloudfunctions.functions.create","cloudfunctions.functions.delete","cloudfunctions.functions.get","cloudfunctions.functions.list","cloudfunctions.functions.update","cloudfunctions.operations.get","firebase.projects.get"]}
[debug] [2026-09-28T07:15:50.903Z] <<< [apiv2][status] POST https://cloudresourcemanager.googleapis.com/v1/projects/staycove-56c02:testIamPermissions 200
[debug] [2026-09-28T07:15:50.903Z] <<< [apiv2][body] POST https://cloudresourcemanager.googleapis.com/v1/projects/staycove-56c02:testIamPermissions {"permissions":["cloudfunctions.functions.create","cloudfunctions.functions.delete","cloudfunctions.functions.get","cloudfunctions.functions.list","cloudfunctions.functions.update","cloudfunctions.operations.get","firebase.projects.get"]}
[debug] [2026-09-28T07:15:50.904Z] Checked if tokens are valid: true, expires at: 1790582152277
[debug] [2026-09-28T07:15:50.904Z] Checked if tokens are valid: true, expires at: 1790582152277
[debug] [2026-09-28T07:15:50.904Z] >>> [apiv2][query] GET https://cloudfunctions.googleapis.com/v1/projects/staycove-56c02/locations/-/functions [none]
[debug] [2026-09-28T07:15:51.288Z] <<< [apiv2][status] GET https://cloudfunctions.googleapis.com/v1/projects/staycove-56c02/locations/-/functions 403
[debug] [2026-09-28T07:15:51.288Z] <<< [apiv2][body] GET https://cloudfunctions.googleapis.com/v1/projects/staycove-56c02/locations/-/functions {"error":{"code":403,"message":"Cloud Functions API has not been used in project staycove-56c02 before or it is disabled. Enable it by visiting https://console.developers.google.com/apis/api/cloudfunctions.googleapis.com/overview?project=staycove-56c02 then retry. If you enabled this API recently, wait a few minutes for the action to propagate to our systems and retry.","status":"PERMISSION_DENIED","details":[{"@type":"type.googleapis.com/google.rpc.ErrorInfo","reason":"SERVICE_DISABLED","domain":"googleapis.com","metadata":{"consumer":"projects/staycove-56c02","containerInfo":"staycove-56c02","activationUrl":"https://console.developers.google.com/apis/api/cloudfunctions.googleapis.com/overview?project=staycove-56c02","service":"cloudfunctions.googleapis.com","serviceTitle":"Cloud Functions API"}},{"@type":"type.googleapis.com/google.rpc.LocalizedMessage","locale":"en-US","message":"Cloud Functions API has not been used in project staycove-56c02 before or it is disabled. Enable it by visiting https://console.developers.google.com/apis/api/cloudfunctions.googleapis.com/overview?project=staycove-56c02 then retry. If you enabled this API recently, wait a few minutes for the action to propagate to our systems and retry."},{"@type":"type.googleapis.com/google.rpc.Help","links":[{"description":"Google developers console API activation","url":"https://console.developers.google.com/apis/api/cloudfunctions.googleapis.com/overview?project=staycove-56c02"}]}]}}
[debug] [2026-09-28T07:15:51.289Z] [functions] failed to list functions for staycove-56c02
[debug] [2026-09-28T07:15:51.289Z] [functions] Request to https://cloudfunctions.googleapis.com/v1/projects/staycove-56c02/locations/-/functions had HTTP Error: 403, Cloud Functions API has not been used in project staycove-56c02 before or it is disabled. Enable it by visiting https://console.developers.google.com/apis/api/cloudfunctions.googleapis.com/overview?project=staycove-56c02 then retry. If you enabled this API recently, wait a few minutes for the action to propagate to our systems and retry.
[debug] [2026-09-28T07:15:51.587Z] FirebaseError: Request to https://cloudfunctions.googleapis.com/v1/projects/staycove-56c02/locations/-/functions had HTTP Error: 403, Cloud Functions API has not been used in project staycove-56c02 before or it is disabled. Enable it by visiting https://console.developers.google.com/apis/api/cloudfunctions.googleapis.com/overview?project=staycove-56c02 then retry. If you enabled this API recently, wait a few minutes for the action to propagate to our systems and retry.
    at responseToError (/opt/homebrew/lib/node_modules/firebase-tools/lib/responseToError.js:53:12)
    at RetryOperation._fn (/opt/homebrew/lib/node_modules/firebase-tools/lib/apiv2.js:415:77)
    at process.processTicksAndRejections (node:internal/process/task_queues:103:5)
[error] 
[error] Error: Failed to list functions for staycove-56c02
